ERROR: Condition "status < 0" is true. Returning: ERR_CANT_OPEN
[MAPSOAK] Auto-selecting node: r1_n01 (dig=False)
[MAPSOAK] Skipping tutorial encounter r1_n01 — marking cleared
[MAPSOAK] Auto-selecting node: r1_n02 (dig=False)
[BotDuelTest] RESULT gameOver turn=14 winner=1 p0Vigor=0 p1Vigor=18
[DUELSOAK] Auto-pressing Continue
[MAPSOAK] Auto-cleared non-encounter node: r1_n03
[MAPSOAK] Auto-selecting node: r1_n04 (dig=False)
[BotDuelTest] RESULT gameOver turn=10 winner=1 p0Vigor=-1 p1Vigor=21
[DUELSOAK] Auto-pressing Continue
[MAPSOAK] Auto-selecting node: r1_n05 (dig=False)
[BotDuelTest] RESULT gameOver turn=8 winner=1 p0Vigor=-1 p1Vigor=20
[DUELSOAK] Auto-pressing Continue
[MAPSOAK] Auto-selecting node: r1_n06 (dig=False)
[BotDuelTest] RESULT gameOver turn=8 winner=1 p0Vigor=-4 p1Vigor=20
[DUELSOAK] Auto-pressing Continue
[MAPSOAK] Auto-selecting node: r1_n07 (dig=True)
[MAPSOAK] Dig site r1_n07 resolved — marking cleared, returning to map
[MAPSOAK] Auto-cleared non-encounter node: r1_n08
[MAPSOAK] Auto-selecting node: r1_n09 (dig=False)
[BotDuelTest] RESULT gameOver turn=8 winner=1 p0Vigor=0 p1Vigor=17
[DUELSOAK] Auto-pressing Continue
[MAPSOAK] Auto-selecting node: r1_n10 (dig=False)
[BotDuelTest] RESULT gameOver turn=8 winner=0 p0Vigor=23 p1Vigor=0
[DUELSOAK] Auto-pressing Continue
[MAPSOAK] Auto-selecting node: r1_n11 (dig=False)
[BotDuelTest] RESULT gameOver turn=9 winner=1 p0Vigor=-1 p1Vigor=20
[DUELSOAK] Auto-pressing Continue
[MAPSOAK] Auto-selecting node: r1_n12 (dig=False)
[BotDuelTest] RESULT gameOver turn=13 winner=0 p0Vigor=13 p1Vigor=0
[DUELSOAK] Auto-pressing Continue
[MAPSOAK] All nodes cleared — capturing final map and quitting
ERROR: 2 resources still in use at exit (run with --verbose for details).
