ERROR: Condition "status < 0" is true. Returning: ERR_CANT_OPEN
[MAPSOAK] Auto-selecting node: r1_n01 (dig=False)
[MAPSOAK] Skipping tutorial encounter r1_n01 — marking cleared
[MAPSOAK] Auto-selecting node: r1_n02 (dig=False)
[BotDuelTest] RESULT budget-exhausted turn=17 p0Vigor=19 p1Vigor=8
[BotDuelTest] Soak budget exhausted — marking node cleared and continuing
[MAPSOAK] Auto-cleared non-encounter node: r1_n03
[MAPSOAK] Auto-selecting node: r1_n04 (dig=False)
[BotDuelTest] RESULT gameOver turn=11 winner=1 p0Vigor=0 p1Vigor=25
[DUELSOAK] Auto-pressing Continue
[MAPSOAK] Auto-selecting node: r1_n05 (dig=False)
[BotDuelTest] RESULT gameOver turn=7 winner=1 p0Vigor=-10 p1Vigor=29
[DUELSOAK] Auto-pressing Continue
[MAPSOAK] Auto-selecting node: r1_n06 (dig=False)
[BotDuelTest] RESULT budget-exhausted turn=12 p0Vigor=20 p1Vigor=1
[BotDuelTest] Soak budget exhausted — marking node cleared and continuing
[MAPSOAK] Auto-selecting node: r1_n07 (dig=True)
[MAPSOAK] Dig site r1_n07 resolved — marking cleared, returning to map
[MAPSOAK] Auto-cleared non-encounter node: r1_n08
[MAPSOAK] Auto-selecting node: r1_n09 (dig=False)
[BotDuelTest] RESULT gameOver turn=11 winner=0 p0Vigor=17 p1Vigor=0
[DUELSOAK] Auto-pressing Continue
[MAPSOAK] Auto-selecting node: r1_n10 (dig=False)
[BotDuelTest] RESULT budget-exhausted turn=13 p0Vigor=16 p1Vigor=13
[BotDuelTest] Soak budget exhausted — marking node cleared and continuing
[MAPSOAK] Auto-selecting node: r1_n11 (dig=False)
[BotDuelTest] RESULT gameOver turn=10 winner=1 p0Vigor=-6 p1Vigor=25
[DUELSOAK] Auto-pressing Continue
[MAPSOAK] Auto-selecting node: r1_n12 (dig=False)
[BotDuelTest] RESULT gameOver turn=8 winner=1 p0Vigor=-1 p1Vigor=24
[DUELSOAK] Auto-pressing Continue
[MAPSOAK] All nodes cleared — capturing final map and quitting
ERROR: 2 resources still in use at exit (run with --verbose for details).
