WARNING: Could not set V-Sync mode, as changing V-Sync mode is not supported by the graphics driver.
     at: set_use_vsync (platform/linuxbsd/x11/gl_manager_x11.cpp:360)
Godot Engine v4.3.stable.mono.official.77dcf97d8 - https://godotengine.org
OpenGL API 4.5 (Core Profile) Mesa 25.2.8-0ubuntu0.24.04.2 - Compatibility - Using Device: Mesa - llvmpipe (LLVM 20.1.2, 256 bits)

[ContentValidation] ENCOUNTER 'r1_duel_wayfarer' references unknown card 'tut_opponent_token'
[ContentValidation] ENCOUNTER 'r1_duel_wayfarer' references unknown card 'tut_opponent_token'
[ContentValidation] ENCOUNTER 'r1_duel_wayfarer' references unknown card 'tut_opponent_token'
[ContentValidation] ENCOUNTER 'r1_duel_wayfarer' references unknown card 'tut_opponent_token'
[ContentValidation] ENCOUNTER 'r1_duel_wayfarer' references unknown card 'tut_opponent_token'
[ContentValidation] ENCOUNTER 'r1_duel_wayfarer' references unknown card 'tut_opponent_token'
[ContentValidation] ENCOUNTER 'r1_duel_wayfarer' references unknown card 'tut_opponent_token'
[ContentValidation] ENCOUNTER 'r1_duel_wayfarer' references unknown card 'tut_opponent_token'
[ContentValidation] ENCOUNTER 'r1_duel_wayfarer' references unknown card 'tut_opponent_token'
[ContentValidation] ENCOUNTER 'r1_duel_wayfarer' references unknown card 'tut_opponent_token'
[ContentValidation] ENCOUNTER 'r1_duel_wayfarer' references unknown card 'tut_opponent_token'
[ContentValidation] ENCOUNTER 'r1_duel_wayfarer' references unknown card 'tut_opponent_token'
[ContentValidation] ENCOUNTER 'r1_duel_wayfarer' references unknown card 'tut_opponent_token'
[ContentValidation] ENCOUNTER 'r1_duel_wayfarer' references unknown card 'tut_opponent_token'
[ContentValidation] ENCOUNTER 'r1_duel_wayfarer' references unknown card 'tut_opponent_token'
[ContentValidation] ENCOUNTER 'r1_duel_wayfarer' references unknown card 'tut_opponent_token'
[ContentValidation] ENCOUNTER 'r1_duel_wayfarer' references unknown card 'tut_opponent_token'
[ContentValidation] ENCOUNTER 'r1_duel_wayfarer' references unknown card 'tut_opponent_token'
[ContentValidation] ENCOUNTER 'r1_duel_wayfarer' references unknown card 'tut_opponent_token'
[ContentValidation] ENCOUNTER 'r1_duel_wayfarer' references unknown card 'tut_opponent_token'
[ContentValidation] ENCOUNTER 'r1_duel_wayfarer' references unknown card 'tut_opponent_token'
[ContentValidation] ENCOUNTER 'r1_duel_wayfarer' references unknown card 'tut_opponent_token'
[ContentValidation] ENCOUNTER 'r1_duel_wayfarer' references unknown card 'tut_opponent_token'
[ContentValidation] ENCOUNTER 'r1_duel_wayfarer' references unknown card 'tut_opponent_token'
[ContentValidation] ENCOUNTER 'r1_duel_wayfarer' references unknown card 'tut_opponent_token'
[ContentValidation] ENCOUNTER 'r1_duel_wayfarer' references unknown card 'tut_opponent_token'
[ContentValidation] ENCOUNTER 'r1_duel_wayfarer' references unknown card 'tut_opponent_token'
[ContentValidation] ENCOUNTER 'r1_duel_wayfarer' references unknown card 'tut_opponent_token'
[ContentValidation] ENCOUNTER 'r1_duel_wayfarer' references unknown card 'tut_opponent_token'
[ContentValidation] ENCOUNTER 'r1_duel_wayfarer' references unknown card 'tut_opponent_token'
[ContentValidation] 30 content ID error(s) found. See above for details.
